// Jest Snapshot v1, https://goo.gl/fbAQLP

exports[`Tests for the missions component/pag Should render The userProfile page properly 1`] = `
Object {
  "asFragment": [Function],
  "baseElement": <body>
    <div>
      <section
        class="user-container"
      >
        <div
          class="missions-column"
        >
          <header>
            My Missions
          </header>
          <div
            class="no__reservations"
          >
            <p>
              No Reservations Made
            </p>
            <a
              class="reserve-link"
              href="/missions"
            >
              Click to make Reservations
            </a>
          </div>
        </div>
        <div
          class="rockets-column"
        >
          <header>
            My Rockets
          </header>
          <div
            class="no__reservations"
          >
            <p>
              No Reservations Made
            </p>
            <a
              class="reserve-link"
              href="/"
            >
              Click to make Reservations
            </a>
          </div>
        </div>
      </section>
    </div>
  </body>,
  "container": <div>
    <section
      class="user-container"
    >
      <div
        class="missions-column"
      >
        <header>
          My Missions
        </header>
        <div
          class="no__reservations"
        >
          <p>
            No Reservations Made
          </p>
          <a
            class="reserve-link"
            href="/missions"
          >
            Click to make Reservations
          </a>
        </div>
      </div>
      <div
        class="rockets-column"
      >
        <header>
          My Rockets
        </header>
        <div
          class="no__reservations"
        >
          <p>
            No Reservations Made
          </p>
          <a
            class="reserve-link"
            href="/"
          >
            Click to make Reservations
          </a>
        </div>
      </div>
    </section>
  </div>,
  "debug": [Function],
  "findAllByAltText": [Function],
  "findAllByDisplayValue": [Function],
  "findAllByLabelText": [Function],
  "findAllByPlaceholderText": [Function],
  "findAllByRole": [Function],
  "findAllByTestId": [Function],
  "findAllByText": [Function],
  "findAllByTitle": [Function],
  "findByAltText": [Function],
  "findByDisplayValue": [Function],
  "findByLabelText": [Function],
  "findByPlaceholderText": [Function],
  "findByRole": [Function],
  "findByTestId": [Function],
  "findByText": [Function],
  "findByTitle": [Function],
  "getAllByAltText": [Function],
  "getAllByDisplayValue": [Function],
  "getAllByLabelText": [Function],
  "getAllByPlaceholderText": [Function],
  "getAllByRole": [Function],
  "getAllByTestId": [Function],
  "getAllByText": [Function],
  "getAllByTitle": [Function],
  "getByAltText": [Function],
  "getByDisplayValue": [Function],
  "getByLabelText": [Function],
  "getByPlaceholderText": [Function],
  "getByRole": [Function],
  "getByTestId": [Function],
  "getByText": [Function],
  "getByTitle": [Function],
  "queryAllByAltText": [Function],
  "queryAllByDisplayValue": [Function],
  "queryAllByLabelText": [Function],
  "queryAllByPlaceholderText": [Function],
  "queryAllByRole": [Function],
  "queryAllByTestId": [Function],
  "queryAllByText": [Function],
  "queryAllByTitle": [Function],
  "queryByAltText": [Function],
  "queryByDisplayValue": [Function],
  "queryByLabelText": [Function],
  "queryByPlaceholderText": [Function],
  "queryByRole": [Function],
  "queryByTestId": [Function],
  "queryByText": [Function],
  "queryByTitle": [Function],
  "rerender": [Function],
  "unmount": [Function],
}
`;
